<?xml version="1.0" encoding="UTF-8"?>
<testsuites>
    <testsuite name="add-to-shopping-cart;add-a-beverage-in-a-shopping-cart" tests="4" failures="0" skipped="0">
        <properties>
            <property name="URI" value="C:\Users\Sergei\Documents\Systembolaget\features\add-to-cart.feature">
            </property>
        </properties>
        <testcase name="Given that I&apos;m in Systembolaget" classname="add-to-shopping-cart;add-a-beverage-in-a-shopping-cart" time="0.004354048">
        </testcase>
        <testcase name="When I have decided what I want to buy" classname="add-to-shopping-cart;add-a-beverage-in-a-shopping-cart" time="0.000132103">
        </testcase>
        <testcase name="And I have decided how much of a certain beverage I want" classname="add-to-shopping-cart;add-a-beverage-in-a-shopping-cart" time="0.000132102">
        </testcase>
        <testcase name="Then I add a bevarege in a cart" classname="add-to-shopping-cart;add-a-beverage-in-a-shopping-cart" time="0.00031959">
        </testcase>
    </testsuite>
</testsuites>